2026-05-03 13:02:22 [main] INFO  c.p.m.MockBankServiceApplication - Starting MockBankServiceApplication using Java 21.0.11 with PID 26296 (C:\Users\prate\IdeaProjects\Distributed Payments Gateway project\mock-bank-service\build\classes\java\main started by prate in C:\Users\prate\IdeaProjects\Distributed Payments Gateway project\mock-bank-service)
2026-05-03 13:02:22 [main] DEBUG c.p.m.MockBankServiceApplication - Running with Spring Boot v4.0.6, Spring v7.0.7
2026-05-03 13:02:22 [main] INFO  c.p.m.MockBankServiceApplication - No active profile set, falling back to 1 default profile: "default"
2026-05-03 13:02:25 [main] INFO  o.s.boot.tomcat.TomcatWebServer - Tomcat initialized with port 8081 (http)
2026-05-03 13:02:25 [main] INFO  o.a.catalina.core.StandardService - Starting service [Tomcat]
2026-05-03 13:02:25 [main] INFO  o.a.catalina.core.StandardEngine - Starting Servlet engine: [Apache Tomcat/11.0.21]
2026-05-03 13:02:25 [main] INFO  o.s.b.w.c.s.WebApplicationContextInitializer - Root WebApplicationContext: initialization completed in 2592 ms
2026-05-03 13:02:27 [main] INFO  o.s.b.a.e.web.EndpointLinksResolver - Exposing 1 endpoint beneath base path '/actuator'
2026-05-03 13:02:27 [main] INFO  o.s.boot.tomcat.TomcatWebServer - Tomcat started on port 8081 (http) with context path '/'
2026-05-03 13:02:27 [main] INFO  c.p.m.MockBankServiceApplication - Started MockBankServiceApplication in 5.293 seconds (process running for 5.94)
2026-05-03 13:02:27 [main] WARN  o.s.c.events.SpringDocAppInitializer - SpringDoc /v3/api-docs endpoint is enabled by default. To disable it in production, set the property 'springdoc.api-docs.enabled=false'
2026-05-03 13:02:27 [main] WARN  o.s.c.events.SpringDocAppInitializer - SpringDoc /swagger-ui.html endpoint is enabled by default. To disable it in production, set the property 'springdoc.swagger-ui.enabled=false'
2026-05-03 13:03:57 [http-nio-8081-exec-1] INFO  o.a.c.c.C.[Tomcat].[localhost].[/] - Initializing Spring DispatcherServlet 'dispatcherServlet'
2026-05-03 13:03:57 [http-nio-8081-exec-1] INFO  o.s.web.servlet.DispatcherServlet - Initializing Servlet 'dispatcherServlet'
2026-05-03 13:03:57 [http-nio-8081-exec-1] INFO  o.s.web.servlet.DispatcherServlet - Completed initialization in 11 ms
2026-05-03 13:10:04 [main] INFO  c.p.m.MockBankServiceApplication - Starting MockBankServiceApplication using Java 21.0.11 with PID 3736 (C:\Users\prate\IdeaProjects\Distributed Payments Gateway project\mock-bank-service\build\classes\java\main started by prate in C:\Users\prate\IdeaProjects\Distributed Payments Gateway project\mock-bank-service)
2026-05-03 13:10:04 [main] DEBUG c.p.m.MockBankServiceApplication - Running with Spring Boot v4.0.6, Spring v7.0.7
2026-05-03 13:10:04 [main] INFO  c.p.m.MockBankServiceApplication - No active profile set, falling back to 1 default profile: "default"
2026-05-03 13:10:06 [main] INFO  o.s.boot.tomcat.TomcatWebServer - Tomcat initialized with port 8081 (http)
2026-05-03 13:10:06 [main] INFO  o.a.catalina.core.StandardService - Starting service [Tomcat]
2026-05-03 13:10:06 [main] INFO  o.a.catalina.core.StandardEngine - Starting Servlet engine: [Apache Tomcat/11.0.21]
2026-05-03 13:10:06 [main] INFO  o.s.b.w.c.s.WebApplicationContextInitializer - Root WebApplicationContext: initialization completed in 2344 ms
2026-05-03 13:10:08 [main] INFO  o.s.b.a.e.web.EndpointLinksResolver - Exposing 1 endpoint beneath base path '/actuator'
2026-05-03 13:10:08 [main] INFO  o.s.boot.tomcat.TomcatWebServer - Tomcat started on port 8081 (http) with context path '/'
2026-05-03 13:10:08 [main] INFO  c.p.m.MockBankServiceApplication - Started MockBankServiceApplication in 4.811 seconds (process running for 5.421)
2026-05-03 13:10:08 [main] WARN  o.s.c.events.SpringDocAppInitializer - SpringDoc /v3/api-docs endpoint is enabled by default. To disable it in production, set the property 'springdoc.api-docs.enabled=false'
2026-05-03 13:10:08 [main] WARN  o.s.c.events.SpringDocAppInitializer - SpringDoc /swagger-ui.html endpoint is enabled by default. To disable it in production, set the property 'springdoc.swagger-ui.enabled=false'
2026-05-03 13:10:12 [http-nio-8081-exec-1] INFO  o.a.c.c.C.[Tomcat].[localhost].[/] - Initializing Spring DispatcherServlet 'dispatcherServlet'
2026-05-03 13:10:12 [http-nio-8081-exec-1] INFO  o.s.web.servlet.DispatcherServlet - Initializing Servlet 'dispatcherServlet'
2026-05-03 13:10:12 [http-nio-8081-exec-1] INFO  o.s.web.servlet.DispatcherServlet - Completed initialization in 0 ms
2026-05-03 17:16:10 [main] INFO  c.p.m.MockBankServiceApplication - Starting MockBankServiceApplication using Java 21.0.11 with PID 30624 (C:\Users\prate\IdeaProjects\Distributed Payments Gateway project\mock-bank-service\build\classes\java\main started by prate in C:\Users\prate\IdeaProjects\Distributed Payments Gateway project\mock-bank-service)
2026-05-03 17:16:10 [main] DEBUG c.p.m.MockBankServiceApplication - Running with Spring Boot v4.0.6, Spring v7.0.7
2026-05-03 17:16:10 [main] INFO  c.p.m.MockBankServiceApplication - No active profile set, falling back to 1 default profile: "default"
2026-05-03 17:16:12 [main] INFO  o.s.boot.tomcat.TomcatWebServer - Tomcat initialized with port 8081 (http)
2026-05-03 17:16:12 [main] INFO  o.a.catalina.core.StandardService - Starting service [Tomcat]
2026-05-03 17:16:12 [main] INFO  o.a.catalina.core.StandardEngine - Starting Servlet engine: [Apache Tomcat/11.0.21]
2026-05-03 17:16:12 [main] INFO  o.s.b.w.c.s.WebApplicationContextInitializer - Root WebApplicationContext: initialization completed in 2686 ms
2026-05-03 17:16:14 [main] INFO  o.s.b.a.e.web.EndpointLinksResolver - Exposing 1 endpoint beneath base path '/actuator'
2026-05-03 17:16:14 [main] INFO  o.s.boot.tomcat.TomcatWebServer - Tomcat started on port 8081 (http) with context path '/'
2026-05-03 17:16:14 [main] INFO  c.p.m.MockBankServiceApplication - Started MockBankServiceApplication in 5.556 seconds (process running for 6.317)
2026-05-03 17:16:14 [main] WARN  o.s.c.events.SpringDocAppInitializer - SpringDoc /v3/api-docs endpoint is enabled by default. To disable it in production, set the property 'springdoc.api-docs.enabled=false'
2026-05-03 17:16:14 [main] WARN  o.s.c.events.SpringDocAppInitializer - SpringDoc /swagger-ui.html endpoint is enabled by default. To disable it in production, set the property 'springdoc.swagger-ui.enabled=false'
2026-05-03 17:23:17 [http-nio-8081-exec-1] INFO  o.a.c.c.C.[Tomcat].[localhost].[/] - Initializing Spring DispatcherServlet 'dispatcherServlet'
2026-05-03 17:23:17 [http-nio-8081-exec-1] INFO  o.s.web.servlet.DispatcherServlet - Initializing Servlet 'dispatcherServlet'
2026-05-03 17:23:17 [http-nio-8081-exec-1] INFO  o.s.web.servlet.DispatcherServlet - Completed initialization in 0 ms
